[20:01:08][w1] device cuda:0 Tesla T4
[20:01:12][w1] job 1/3: ext|retrain|retrain|lamp|s0
[20:01:21][w1] [CIFAR-100-C] using /kaggle/input/datasets/rojanregmi1/cifar100-c/CIFAR-100-C
[20:05:07][w1] job 2/3: ext|unl|NegGrad+|lamp|s0
[20:08:15][w1] job 3/3: ext|unl|SCRUB|lamp|s0
[20:11:24][w1] finished: 3 ok, 0 failed
[20:12:15][w1] device cuda:0 Tesla T4
[20:12:16][w1] job 1/180: ext|aba|FT|bus|s1
[20:12:23][w1] [CIFAR-100-C] using /kaggle/input/datasets/rojanregmi1/cifar100-c/CIFAR-100-C
[20:12:33][w1] job 2/180: ext|aba|FT|maple_tree|s0
[20:12:48][w1] job 3/180: ext|aba|FT|maple_tree|s2
[20:13:03][w1] job 4/180: ext|aba|FT|rose|s1
[20:13:19][w1] job 5/180: ext|aba|FT|shark|s0
[20:13:35][w1] job 6/180: ext|aba|FT|shark|s2
[20:13:50][w1] job 7/180: ext|aba|FT|tiger|s1
[20:14:05][w1] job 8/180: ext|aba|NegGrad+|bus|s0
[20:14:20][w1] job 9/180: ext|aba|NegGrad+|bus|s2
[20:14:35][w1] job 10/180: ext|aba|NegGrad+|maple_tree|s1
[20:14:50][w1] job 11/180: ext|aba|NegGrad+|rose|s0
[20:15:06][w1] job 12/180: ext|aba|NegGrad+|rose|s2
[20:15:21][w1] job 13/180: ext|aba|NegGrad+|shark|s1
[20:15:36][w1] job 14/180: ext|aba|NegGrad+|tiger|s0
[20:15:51][w1] job 15/180: ext|aba|NegGrad+|tiger|s2
[20:16:06][w1] job 16/180: ext|aba|RL|bus|s1
[20:16:21][w1] job 17/180: ext|aba|RL|maple_tree|s0
[20:16:36][w1] job 18/180: ext|aba|RL|maple_tree|s2
[20:16:51][w1] job 19/180: ext|aba|RL|rose|s1
[20:17:06][w1] job 20/180: ext|aba|RL|shark|s0
[20:17:21][w1] job 21/180: ext|aba|RL|shark|s2
[20:17:36][w1] job 22/180: ext|aba|RL|tiger|s1
[20:17:51][w1] job 23/180: ext|aba|SCRUB|bus|s0
[20:18:06][w1] job 24/180: ext|aba|SCRUB|bus|s2
[20:18:21][w1] job 25/180: ext|aba|SCRUB|maple_tree|s1
[20:18:37][w1] job 26/180: ext|aba|SCRUB|rose|s0
[20:18:52][w1] job 27/180: ext|aba|SCRUB|rose|s2
[20:19:07][w1] job 28/180: ext|aba|SCRUB|shark|s1
[20:19:22][w1] job 29/180: ext|aba|SCRUB|tiger|s0
[20:19:37][w1] job 30/180: ext|aba|SCRUB|tiger|s2
[20:19:52][w1] job 31/180: ext|aba|SalUn|bus|s1
[20:20:07][w1] job 32/180: ext|aba|SalUn|maple_tree|s0
[20:20:22][w1] job 33/180: ext|aba|SalUn|maple_tree|s2
[20:20:37][w1] job 34/180: ext|aba|SalUn|rose|s1
[20:20:52][w1] job 35/180: ext|aba|SalUn|shark|s0
[20:21:07][w1] job 36/180: ext|aba|SalUn|shark|s2
[20:21:22][w1] job 37/180: ext|aba|SalUn|tiger|s1
[20:21:38][w1] job 38/180: ext|mctx|FT|bus|s0
[20:25:02][w1] job 39/180: ext|mctx|FT|bus|s2
[20:28:03][w1] job 40/180: ext|mctx|FT|maple_tree|s1
[20:31:04][w1] job 41/180: ext|mctx|FT|rose|s0
[20:34:05][w1] job 42/180: ext|mctx|FT|rose|s2
[20:37:06][w1] job 43/180: ext|mctx|FT|shark|s1
[20:40:07][w1] job 44/180: ext|mctx|FT|tiger|s0
[20:43:07][w1] job 45/180: ext|mctx|FT|tiger|s2
[20:46:08][w1] job 46/180: ext|mctx|NegGrad+|bus|s1
[20:49:09][w1] job 47/180: ext|mctx|NegGrad+|maple_tree|s0
[20:52:09][w1] job 48/180: ext|mctx|NegGrad+|maple_tree|s2
[20:55:11][w1] job 49/180: ext|mctx|NegGrad+|rose|s1
[20:58:12][w1] job 50/180: ext|mctx|NegGrad+|shark|s0
[21:01:13][w1] job 51/180: ext|mctx|NegGrad+|shark|s2
[21:04:14][w1] job 52/180: ext|mctx|NegGrad+|tiger|s1
[21:07:15][w1] job 53/180: ext|mctx|RL|bus|s0
[21:10:16][w1] job 54/180: ext|mctx|RL|bus|s2
[21:13:17][w1] job 55/180: ext|mctx|RL|maple_tree|s1
[21:16:18][w1] job 56/180: ext|mctx|RL|rose|s0
[21:19:19][w1] job 57/180: ext|mctx|RL|rose|s2
[21:22:19][w1] job 58/180: ext|mctx|RL|shark|s1
[21:25:20][w1] job 59/180: ext|mctx|RL|tiger|s0
[21:28:21][w1] job 60/180: ext|mctx|RL|tiger|s2
[21:31:21][w1] job 61/180: ext|mctx|SCRUB|bus|s1
[21:34:22][w1] job 62/180: ext|mctx|SCRUB|maple_tree|s0
[21:37:24][w1] job 63/180: ext|mctx|SCRUB|maple_tree|s2
[21:40:25][w1] job 64/180: ext|mctx|SCRUB|rose|s1
[21:43:26][w1] job 65/180: ext|mctx|SCRUB|shark|s0
[21:46:27][w1] job 66/180: ext|mctx|SCRUB|shark|s2
[21:49:28][w1] job 67/180: ext|mctx|SCRUB|tiger|s1
[21:52:29][w1] job 68/180: ext|mctx|SalUn|bus|s0
[21:55:30][w1] job 69/180: ext|mctx|SalUn|bus|s2
[21:58:31][w1] job 70/180: ext|mctx|SalUn|maple_tree|s1
[22:01:32][w1] job 71/180: ext|mctx|SalUn|rose|s0
[22:04:33][w1] job 72/180: ext|mctx|SalUn|rose|s2
[22:07:34][w1] job 73/180: ext|mctx|SalUn|shark|s1
[22:10:35][w1] job 74/180: ext|mctx|SalUn|tiger|s0
[22:13:36][w1] job 75/180: ext|mctx|SalUn|tiger|s2
[22:16:37][w1] job 76/180: ext|original|original|apple|s1
[22:16:52][w1] job 77/180: ext|original|original|bus|s0
[22:17:07][w1] job 78/180: ext|original|original|bus|s2
[22:17:22][w1] job 79/180: ext|original|original|butterfly|s1
[22:17:37][w1] job 80/180: ext|original|original|castle|s0
[22:17:52][w1] job 81/180: ext|original|original|castle|s2
[22:18:07][w1] job 82/180: ext|original|original|chair|s1
[22:18:22][w1] job 83/180: ext|original|original|girl|s0
[22:18:37][w1] job 84/180: ext|original|original|girl|s2
[22:18:52][w1] job 85/180: ext|original|original|maple_tree|s1
[22:19:07][w1] job 86/180: ext|original|original|rose|s0
[22:19:22][w1] job 87/180: ext|original|original|rose|s2
[22:19:37][w1] job 88/180: ext|original|original|shark|s1
[22:19:52][w1] job 89/180: ext|original|original|tiger|s0
[22:20:07][w1] job 90/180: ext|original|original|tiger|s2
[22:20:22][w1] job 91/180: ext|retrain|retrain|apple|s1
[22:23:23][w1] job 92/180: ext|retrain|retrain|bus|s0
[22:26:24][w1] job 93/180: ext|retrain|retrain|bus|s2
[22:29:24][w1] job 94/180: ext|retrain|retrain|butterfly|s1
[22:32:25][w1] job 95/180: ext|retrain|retrain|castle|s0
[22:35:26][w1] job 96/180: ext|retrain|retrain|castle|s2
[22:38:28][w1] job 97/180: ext|retrain|retrain|chair|s1
[22:41:29][w1] job 98/180: ext|retrain|retrain|girl|s0
[22:44:31][w1] job 99/180: ext|retrain|retrain|girl|s2
[22:47:32][w1] job 100/180: ext|retrain|retrain|maple_tree|s1
[22:50:34][w1] job 101/180: ext|retrain|retrain|rose|s0
[22:53:35][w1] job 102/180: ext|retrain|retrain|rose|s2
[22:56:36][w1] job 103/180: ext|retrain|retrain|shark|s1
[22:59:36][w1] job 104/180: ext|retrain|retrain|tiger|s0
[23:02:37][w1] job 105/180: ext|retrain|retrain|tiger|s2
[23:05:38][w1] job 106/180: ext|unl|FT|apple|s1
[23:08:40][w1] job 107/180: ext|unl|FT|bus|s0
[23:11:40][w1] job 108/180: ext|unl|FT|bus|s2
[23:14:41][w1] job 109/180: ext|unl|FT|butterfly|s1
[23:17:42][w1] job 110/180: ext|unl|FT|castle|s0
[23:20:43][w1] job 111/180: ext|unl|FT|castle|s2
[23:23:45][w1] job 112/180: ext|unl|FT|chair|s1
[23:26:46][w1] job 113/180: ext|unl|FT|girl|s0
[23:29:47][w1] job 114/180: ext|unl|FT|girl|s2
[23:32:49][w1] job 115/180: ext|unl|FT|maple_tree|s1
[23:35:50][w1] job 116/180: ext|unl|FT|rose|s0
[23:38:51][w1] job 117/180: ext|unl|FT|rose|s2
[23:41:52][w1] job 118/180: ext|unl|FT|shark|s1
[23:44:53][w1] job 119/180: ext|unl|FT|tiger|s0
[23:47:54][w1] job 120/180: ext|unl|FT|tiger|s2
[23:50:55][w1] job 121/180: ext|unl|NegGrad+|apple|s1
[23:53:56][w1] job 122/180: ext|unl|NegGrad+|bus|s0
[23:56:57][w1] job 123/180: ext|unl|NegGrad+|bus|s2
[23:59:58][w1] job 124/180: ext|unl|NegGrad+|butterfly|s1
[00:03:00][w1] job 125/180: ext|unl|NegGrad+|castle|s0
[00:06:00][w1] job 126/180: ext|unl|NegGrad+|castle|s2
[00:09:01][w1] job 127/180: ext|unl|NegGrad+|chair|s1
[00:12:02][w1] job 128/180: ext|unl|NegGrad+|girl|s0
[00:15:03][w1] job 129/180: ext|unl|NegGrad+|girl|s2
[00:18:04][w1] job 130/180: ext|unl|NegGrad+|maple_tree|s1
[00:21:05][w1] job 131/180: ext|unl|NegGrad+|rose|s0
[00:24:06][w1] job 132/180: ext|unl|NegGrad+|rose|s2
[00:27:06][w1] job 133/180: ext|unl|NegGrad+|shark|s1
[00:30:07][w1] job 134/180: ext|unl|NegGrad+|tiger|s0
[00:33:07][w1] job 135/180: ext|unl|NegGrad+|tiger|s2
[00:36:08][w1] job 136/180: ext|unl|RL|apple|s1
[00:39:09][w1] job 137/180: ext|unl|RL|bus|s0
[00:42:09][w1] job 138/180: ext|unl|RL|bus|s2
[00:45:10][w1] job 139/180: ext|unl|RL|butterfly|s1
[00:48:11][w1] job 140/180: ext|unl|RL|castle|s0
[00:51:12][w1] job 141/180: ext|unl|RL|castle|s2
[00:54:13][w1] job 142/180: ext|unl|RL|chair|s1
[00:57:14][w1] job 143/180: ext|unl|RL|girl|s0
[01:00:15][w1] job 144/180: ext|unl|RL|girl|s2
[01:03:15][w1] job 145/180: ext|unl|RL|maple_tree|s1
[01:06:16][w1] job 146/180: ext|unl|RL|rose|s0
[01:09:17][w1] job 147/180: ext|unl|RL|rose|s2
[01:12:18][w1] job 148/180: ext|unl|RL|shark|s1
[01:15:19][w1] job 149/180: ext|unl|RL|tiger|s0
[01:18:20][w1] job 150/180: ext|unl|RL|tiger|s2
[01:21:21][w1] job 151/180: ext|unl|SCRUB|apple|s1
[01:24:22][w1] job 152/180: ext|unl|SCRUB|bus|s0
[01:27:24][w1] job 153/180: ext|unl|SCRUB|bus|s2
[01:30:25][w1] job 154/180: ext|unl|SCRUB|butterfly|s1
[01:33:26][w1] job 155/180: ext|unl|SCRUB|castle|s0
[01:36:27][w1] job 156/180: ext|unl|SCRUB|castle|s2
[01:39:28][w1] job 157/180: ext|unl|SCRUB|chair|s1
[01:42:29][w1] job 158/180: ext|unl|SCRUB|girl|s0
[01:45:30][w1] job 159/180: ext|unl|SCRUB|girl|s2
[01:48:31][w1] job 160/180: ext|unl|SCRUB|maple_tree|s1
[01:51:32][w1] job 161/180: ext|unl|SCRUB|rose|s0
[01:54:33][w1] job 162/180: ext|unl|SCRUB|rose|s2
[01:57:34][w1] job 163/180: ext|unl|SCRUB|shark|s1
[02:00:35][w1] job 164/180: ext|unl|SCRUB|tiger|s0
[02:03:36][w1] job 165/180: ext|unl|SCRUB|tiger|s2
[02:06:37][w1] job 166/180: ext|unl|SalUn|apple|s1
[02:09:38][w1] job 167/180: ext|unl|SalUn|bus|s0
[02:12:39][w1] job 168/180: ext|unl|SalUn|bus|s2
[02:15:40][w1] job 169/180: ext|unl|SalUn|butterfly|s1
[02:18:41][w1] job 170/180: ext|unl|SalUn|castle|s0
[02:21:42][w1] job 171/180: ext|unl|SalUn|castle|s2
[02:24:43][w1] job 172/180: ext|unl|SalUn|chair|s1
[02:27:43][w1] job 173/180: ext|unl|SalUn|girl|s0
[02:30:44][w1] job 174/180: ext|unl|SalUn|girl|s2
[02:33:45][w1] job 175/180: ext|unl|SalUn|maple_tree|s1
[02:36:46][w1] job 176/180: ext|unl|SalUn|rose|s0
[02:39:46][w1] job 177/180: ext|unl|SalUn|rose|s2
[02:42:47][w1] job 178/180: ext|unl|SalUn|shark|s1
[02:45:48][w1] job 179/180: ext|unl|SalUn|tiger|s0
[02:48:49][w1] job 180/180: ext|unl|SalUn|tiger|s2
[02:51:50][w1] finished: 180 ok, 0 failed
