[20:01:08][w0] device cuda:0 Tesla T4
[20:01:12][w0] job 1/4: ext|original|original|lamp|s0
[20:01:21][w0] [CIFAR-100-C] using /kaggle/input/datasets/rojanregmi1/cifar100-c/CIFAR-100-C
[20:01:44][w0] job 2/4: ext|unl|FT|lamp|s0
[20:05:02][w0] job 3/4: ext|unl|RL|lamp|s0
[20:07:57][w0] job 4/4: ext|unl|SalUn|lamp|s0
[20:10:52][w0] finished: 4 ok, 0 failed
[20:12:15][w0] device cuda:0 Tesla T4
[20:12:16][w0] job 1/180: ext|aba|FT|bus|s0
[20:12:23][w0] [CIFAR-100-C] using /kaggle/input/datasets/rojanregmi1/cifar100-c/CIFAR-100-C
[20:12:32][w0] job 2/180: ext|aba|FT|bus|s2
[20:12:46][w0] job 3/180: ext|aba|FT|maple_tree|s1
[20:13:01][w0] job 4/180: ext|aba|FT|rose|s0
[20:13:16][w0] job 5/180: ext|aba|FT|rose|s2
[20:13:31][w0] job 6/180: ext|aba|FT|shark|s1
[20:13:45][w0] job 7/180: ext|aba|FT|tiger|s0
[20:14:00][w0] job 8/180: ext|aba|FT|tiger|s2
[20:14:15][w0] job 9/180: ext|aba|NegGrad+|bus|s1
[20:14:29][w0] job 10/180: ext|aba|NegGrad+|maple_tree|s0
[20:14:43][w0] job 11/180: ext|aba|NegGrad+|maple_tree|s2
[20:14:58][w0] job 12/180: ext|aba|NegGrad+|rose|s1
[20:15:12][w0] job 13/180: ext|aba|NegGrad+|shark|s0
[20:15:27][w0] job 14/180: ext|aba|NegGrad+|shark|s2
[20:15:41][w0] job 15/180: ext|aba|NegGrad+|tiger|s1
[20:15:55][w0] job 16/180: ext|aba|RL|bus|s0
[20:16:10][w0] job 17/180: ext|aba|RL|bus|s2
[20:16:24][w0] job 18/180: ext|aba|RL|maple_tree|s1
[20:16:39][w0] job 19/180: ext|aba|RL|rose|s0
[20:16:53][w0] job 20/180: ext|aba|RL|rose|s2
[20:17:08][w0] job 21/180: ext|aba|RL|shark|s1
[20:17:22][w0] job 22/180: ext|aba|RL|tiger|s0
[20:17:37][w0] job 23/180: ext|aba|RL|tiger|s2
[20:17:51][w0] job 24/180: ext|aba|SCRUB|bus|s1
[20:18:05][w0] job 25/180: ext|aba|SCRUB|maple_tree|s0
[20:18:20][w0] job 26/180: ext|aba|SCRUB|maple_tree|s2
[20:18:34][w0] job 27/180: ext|aba|SCRUB|rose|s1
[20:18:49][w0] job 28/180: ext|aba|SCRUB|shark|s0
[20:19:03][w0] job 29/180: ext|aba|SCRUB|shark|s2
[20:19:17][w0] job 30/180: ext|aba|SCRUB|tiger|s1
[20:19:32][w0] job 31/180: ext|aba|SalUn|bus|s0
[20:19:46][w0] job 32/180: ext|aba|SalUn|bus|s2
[20:20:01][w0] job 33/180: ext|aba|SalUn|maple_tree|s1
[20:20:15][w0] job 34/180: ext|aba|SalUn|rose|s0
[20:20:30][w0] job 35/180: ext|aba|SalUn|rose|s2
[20:20:44][w0] job 36/180: ext|aba|SalUn|shark|s1
[20:20:59][w0] job 37/180: ext|aba|SalUn|tiger|s0
[20:21:13][w0] job 38/180: ext|aba|SalUn|tiger|s2
[20:21:27][w0] job 39/180: ext|mctx|FT|bus|s1
[20:24:46][w0] job 40/180: ext|mctx|FT|maple_tree|s0
[20:27:41][w0] job 41/180: ext|mctx|FT|maple_tree|s2
[20:30:36][w0] job 42/180: ext|mctx|FT|rose|s1
[20:33:31][w0] job 43/180: ext|mctx|FT|shark|s0
[20:36:26][w0] job 44/180: ext|mctx|FT|shark|s2
[20:39:21][w0] job 45/180: ext|mctx|FT|tiger|s1
[20:42:16][w0] job 46/180: ext|mctx|NegGrad+|bus|s0
[20:45:11][w0] job 47/180: ext|mctx|NegGrad+|bus|s2
[20:48:05][w0] job 48/180: ext|mctx|NegGrad+|maple_tree|s1
[20:51:00][w0] job 49/180: ext|mctx|NegGrad+|rose|s0
[20:53:55][w0] job 50/180: ext|mctx|NegGrad+|rose|s2
[20:56:50][w0] job 51/180: ext|mctx|NegGrad+|shark|s1
[20:59:45][w0] job 52/180: ext|mctx|NegGrad+|tiger|s0
[21:02:40][w0] job 53/180: ext|mctx|NegGrad+|tiger|s2
[21:05:34][w0] job 54/180: ext|mctx|RL|bus|s1
[21:08:29][w0] job 55/180: ext|mctx|RL|maple_tree|s0
[21:11:24][w0] job 56/180: ext|mctx|RL|maple_tree|s2
[21:14:19][w0] job 57/180: ext|mctx|RL|rose|s1
[21:17:13][w0] job 58/180: ext|mctx|RL|shark|s0
[21:20:08][w0] job 59/180: ext|mctx|RL|shark|s2
[21:23:03][w0] job 60/180: ext|mctx|RL|tiger|s1
[21:25:58][w0] job 61/180: ext|mctx|SCRUB|bus|s0
[21:28:52][w0] job 62/180: ext|mctx|SCRUB|bus|s2
[21:31:47][w0] job 63/180: ext|mctx|SCRUB|maple_tree|s1
[21:34:42][w0] job 64/180: ext|mctx|SCRUB|rose|s0
[21:37:37][w0] job 65/180: ext|mctx|SCRUB|rose|s2
[21:40:31][w0] job 66/180: ext|mctx|SCRUB|shark|s1
[21:43:26][w0] job 67/180: ext|mctx|SCRUB|tiger|s0
[21:46:21][w0] job 68/180: ext|mctx|SCRUB|tiger|s2
[21:49:15][w0] job 69/180: ext|mctx|SalUn|bus|s1
[21:52:10][w0] job 70/180: ext|mctx|SalUn|maple_tree|s0
[21:55:05][w0] job 71/180: ext|mctx|SalUn|maple_tree|s2
[21:58:00][w0] job 72/180: ext|mctx|SalUn|rose|s1
[22:00:55][w0] job 73/180: ext|mctx|SalUn|shark|s0
[22:03:50][w0] job 74/180: ext|mctx|SalUn|shark|s2
[22:06:44][w0] job 75/180: ext|mctx|SalUn|tiger|s1
[22:09:39][w0] job 76/180: ext|original|original|apple|s0
[22:09:54][w0] job 77/180: ext|original|original|apple|s2
[22:10:08][w0] job 78/180: ext|original|original|bus|s1
[22:10:23][w0] job 79/180: ext|original|original|butterfly|s0
[22:10:37][w0] job 80/180: ext|original|original|butterfly|s2
[22:10:51][w0] job 81/180: ext|original|original|castle|s1
[22:11:06][w0] job 82/180: ext|original|original|chair|s0
[22:11:20][w0] job 83/180: ext|original|original|chair|s2
[22:11:35][w0] job 84/180: ext|original|original|girl|s1
[22:11:49][w0] job 85/180: ext|original|original|maple_tree|s0
[22:12:03][w0] job 86/180: ext|original|original|maple_tree|s2
[22:12:17][w0] job 87/180: ext|original|original|rose|s1
[22:12:32][w0] job 88/180: ext|original|original|shark|s0
[22:12:46][w0] job 89/180: ext|original|original|shark|s2
[22:13:00][w0] job 90/180: ext|original|original|tiger|s1
[22:13:14][w0] job 91/180: ext|retrain|retrain|apple|s0
[22:16:10][w0] job 92/180: ext|retrain|retrain|apple|s2
[22:19:04][w0] job 93/180: ext|retrain|retrain|bus|s1
[22:21:59][w0] job 94/180: ext|retrain|retrain|butterfly|s0
[22:24:54][w0] job 95/180: ext|retrain|retrain|butterfly|s2
[22:27:49][w0] job 96/180: ext|retrain|retrain|castle|s1
[22:30:43][w0] job 97/180: ext|retrain|retrain|chair|s0
[22:33:38][w0] job 98/180: ext|retrain|retrain|chair|s2
[22:36:33][w0] job 99/180: ext|retrain|retrain|girl|s1
[22:39:28][w0] job 100/180: ext|retrain|retrain|maple_tree|s0
[22:42:23][w0] job 101/180: ext|retrain|retrain|maple_tree|s2
[22:45:18][w0] job 102/180: ext|retrain|retrain|rose|s1
[22:48:13][w0] job 103/180: ext|retrain|retrain|shark|s0
[22:51:08][w0] job 104/180: ext|retrain|retrain|shark|s2
[22:54:02][w0] job 105/180: ext|retrain|retrain|tiger|s1
[22:56:57][w0] job 106/180: ext|unl|FT|apple|s0
[22:59:51][w0] job 107/180: ext|unl|FT|apple|s2
[23:02:46][w0] job 108/180: ext|unl|FT|bus|s1
[23:05:41][w0] job 109/180: ext|unl|FT|butterfly|s0
[23:08:35][w0] job 110/180: ext|unl|FT|butterfly|s2
[23:11:30][w0] job 111/180: ext|unl|FT|castle|s1
[23:14:25][w0] job 112/180: ext|unl|FT|chair|s0
[23:17:20][w0] job 113/180: ext|unl|FT|chair|s2
[23:20:14][w0] job 114/180: ext|unl|FT|girl|s1
[23:23:09][w0] job 115/180: ext|unl|FT|maple_tree|s0
[23:26:04][w0] job 116/180: ext|unl|FT|maple_tree|s2
[23:28:59][w0] job 117/180: ext|unl|FT|rose|s1
[23:31:54][w0] job 118/180: ext|unl|FT|shark|s0
[23:34:48][w0] job 119/180: ext|unl|FT|shark|s2
[23:37:43][w0] job 120/180: ext|unl|FT|tiger|s1
[23:40:38][w0] job 121/180: ext|unl|NegGrad+|apple|s0
[23:43:33][w0] job 122/180: ext|unl|NegGrad+|apple|s2
[23:46:27][w0] job 123/180: ext|unl|NegGrad+|bus|s1
[23:49:22][w0] job 124/180: ext|unl|NegGrad+|butterfly|s0
[23:52:17][w0] job 125/180: ext|unl|NegGrad+|butterfly|s2
[23:55:12][w0] job 126/180: ext|unl|NegGrad+|castle|s1
[23:58:06][w0] job 127/180: ext|unl|NegGrad+|chair|s0
[00:01:01][w0] job 128/180: ext|unl|NegGrad+|chair|s2
[00:03:56][w0] job 129/180: ext|unl|NegGrad+|girl|s1
[00:06:51][w0] job 130/180: ext|unl|NegGrad+|maple_tree|s0
[00:09:46][w0] job 131/180: ext|unl|NegGrad+|maple_tree|s2
[00:12:40][w0] job 132/180: ext|unl|NegGrad+|rose|s1
[00:15:35][w0] job 133/180: ext|unl|NegGrad+|shark|s0
[00:18:30][w0] job 134/180: ext|unl|NegGrad+|shark|s2
[00:21:25][w0] job 135/180: ext|unl|NegGrad+|tiger|s1
[00:24:19][w0] job 136/180: ext|unl|RL|apple|s0
[00:27:13][w0] job 137/180: ext|unl|RL|apple|s2
[00:30:08][w0] job 138/180: ext|unl|RL|bus|s1
[00:33:02][w0] job 139/180: ext|unl|RL|butterfly|s0
[00:35:57][w0] job 140/180: ext|unl|RL|butterfly|s2
[00:38:52][w0] job 141/180: ext|unl|RL|castle|s1
[00:41:46][w0] job 142/180: ext|unl|RL|chair|s0
[00:44:41][w0] job 143/180: ext|unl|RL|chair|s2
[00:47:36][w0] job 144/180: ext|unl|RL|girl|s1
[00:50:30][w0] job 145/180: ext|unl|RL|maple_tree|s0
[00:53:25][w0] job 146/180: ext|unl|RL|maple_tree|s2
[00:56:20][w0] job 147/180: ext|unl|RL|rose|s1
[00:59:14][w0] job 148/180: ext|unl|RL|shark|s0
[01:02:09][w0] job 149/180: ext|unl|RL|shark|s2
[01:05:03][w0] job 150/180: ext|unl|RL|tiger|s1
[01:07:58][w0] job 151/180: ext|unl|SCRUB|apple|s0
[01:10:53][w0] job 152/180: ext|unl|SCRUB|apple|s2
[01:13:48][w0] job 153/180: ext|unl|SCRUB|bus|s1
[01:16:42][w0] job 154/180: ext|unl|SCRUB|butterfly|s0
[01:19:37][w0] job 155/180: ext|unl|SCRUB|butterfly|s2
[01:22:32][w0] job 156/180: ext|unl|SCRUB|castle|s1
[01:25:27][w0] job 157/180: ext|unl|SCRUB|chair|s0
[01:28:22][w0] job 158/180: ext|unl|SCRUB|chair|s2
[01:31:17][w0] job 159/180: ext|unl|SCRUB|girl|s1
[01:34:12][w0] job 160/180: ext|unl|SCRUB|maple_tree|s0
[01:37:07][w0] job 161/180: ext|unl|SCRUB|maple_tree|s2
[01:40:02][w0] job 162/180: ext|unl|SCRUB|rose|s1
[01:42:57][w0] job 163/180: ext|unl|SCRUB|shark|s0
[01:45:52][w0] job 164/180: ext|unl|SCRUB|shark|s2
[01:48:47][w0] job 165/180: ext|unl|SCRUB|tiger|s1
[01:51:42][w0] job 166/180: ext|unl|SalUn|apple|s0
[01:54:37][w0] job 167/180: ext|unl|SalUn|apple|s2
[01:57:32][w0] job 168/180: ext|unl|SalUn|bus|s1
[02:00:26][w0] job 169/180: ext|unl|SalUn|butterfly|s0
[02:03:21][w0] job 170/180: ext|unl|SalUn|butterfly|s2
[02:06:16][w0] job 171/180: ext|unl|SalUn|castle|s1
[02:09:11][w0] job 172/180: ext|unl|SalUn|chair|s0
[02:12:05][w0] job 173/180: ext|unl|SalUn|chair|s2
[02:15:00][w0] job 174/180: ext|unl|SalUn|girl|s1
[02:17:55][w0] job 175/180: ext|unl|SalUn|maple_tree|s0
[02:20:50][w0] job 176/180: ext|unl|SalUn|maple_tree|s2
[02:23:44][w0] job 177/180: ext|unl|SalUn|rose|s1
[02:26:39][w0] job 178/180: ext|unl|SalUn|shark|s0
[02:29:34][w0] job 179/180: ext|unl|SalUn|shark|s2
[02:32:28][w0] job 180/180: ext|unl|SalUn|tiger|s1
[02:35:23][w0] finished: 180 ok, 0 failed
