[20:06:23][w0] device cuda:0 Tesla T4
[20:06:25][w0] job 1/143: mech|mctx|FT|bus|s0
[20:06:45][w0] job 2/143: mech|mctx|FT|bus|s2
[20:06:55][w0] job 3/143: mech|mctx|FT|maple_tree|s1
[20:07:05][w0] job 4/143: mech|mctx|FT|rose|s0
[20:07:15][w0] job 5/143: mech|mctx|FT|rose|s2
[20:07:25][w0] job 6/143: mech|mctx|FT|shark|s1
[20:07:36][w0] job 7/143: mech|mctx|FT|tiger|s0
[20:07:47][w0] job 8/143: mech|mctx|FT|tiger|s2
[20:07:58][w0] job 9/143: mech|mctx|NegGrad+|bus|s1
[20:08:09][w0] job 10/143: mech|mctx|NegGrad+|maple_tree|s0
[20:08:20][w0] job 11/143: mech|mctx|NegGrad+|maple_tree|s2
[20:08:31][w0] job 12/143: mech|mctx|NegGrad+|rose|s1
[20:08:41][w0] job 13/143: mech|mctx|NegGrad+|shark|s0
[20:08:52][w0] job 14/143: mech|mctx|NegGrad+|shark|s2
[20:09:02][w0] job 15/143: mech|mctx|NegGrad+|tiger|s1
[20:09:13][w0] job 16/143: mech|mctx|RL|bus|s0
[20:09:23][w0] job 17/143: mech|mctx|RL|bus|s2
[20:09:34][w0] job 18/143: mech|mctx|RL|maple_tree|s1
[20:09:44][w0] job 19/143: mech|mctx|RL|rose|s0
[20:09:55][w0] job 20/143: mech|mctx|RL|rose|s2
[20:10:05][w0] job 21/143: mech|mctx|RL|shark|s1
[20:10:16][w0] job 22/143: mech|mctx|RL|tiger|s0
[20:10:26][w0] job 23/143: mech|mctx|RL|tiger|s2
[20:10:36][w0] job 24/143: mech|mctx|SCRUB|bus|s1
[20:10:47][w0] job 25/143: mech|mctx|SCRUB|maple_tree|s0
[20:10:57][w0] job 26/143: mech|mctx|SCRUB|maple_tree|s2
[20:11:07][w0] job 27/143: mech|mctx|SCRUB|rose|s1
[20:11:18][w0] job 28/143: mech|mctx|SCRUB|shark|s0
[20:11:28][w0] job 29/143: mech|mctx|SCRUB|shark|s2
[20:11:38][w0] job 30/143: mech|mctx|SCRUB|tiger|s1
[20:11:49][w0] job 31/143: mech|mctx|SalUn|bus|s0
[20:11:59][w0] job 32/143: mech|mctx|SalUn|bus|s2
[20:12:09][w0] job 33/143: mech|mctx|SalUn|maple_tree|s1
[20:12:19][w0] job 34/143: mech|mctx|SalUn|rose|s0
[20:12:30][w0] job 35/143: mech|mctx|SalUn|rose|s2
[20:12:40][w0] job 36/143: mech|mctx|SalUn|shark|s1
[20:12:50][w0] job 37/143: mech|mctx|SalUn|tiger|s0
[20:13:01][w0] job 38/143: mech|mctx|SalUn|tiger|s2
[20:13:11][w0] job 39/143: mech|original|original|apple|s1
[20:13:18][w0] job 40/143: mech|original|original|bus|s0
[20:13:26][w0] job 41/143: mech|original|original|bus|s2
[20:13:33][w0] job 42/143: mech|original|original|butterfly|s1
[20:13:40][w0] job 43/143: mech|original|original|castle|s0
[20:13:47][w0] job 44/143: mech|original|original|castle|s2
[20:13:54][w0] job 45/143: mech|original|original|chair|s1
[20:14:02][w0] job 46/143: mech|original|original|girl|s0
[20:14:09][w0] job 47/143: mech|original|original|girl|s2
[20:14:16][w0] job 48/143: mech|original|original|maple_tree|s1
[20:14:23][w0] job 49/143: mech|original|original|rose|s0
[20:14:31][w0] job 50/143: mech|original|original|rose|s2
[20:14:38][w0] job 51/143: mech|original|original|shark|s1
[20:14:45][w0] job 52/143: mech|original|original|tiger|s0
[20:14:53][w0] job 53/143: mech|original|original|tiger|s2
[20:15:00][w0] job 54/143: mech|retrain|retrain|apple|s1
[20:15:10][w0] job 55/143: mech|retrain|retrain|bus|s0
[20:15:19][w0] job 56/143: mech|retrain|retrain|bus|s2
[20:15:29][w0] job 57/143: mech|retrain|retrain|butterfly|s1
[20:15:39][w0] job 58/143: mech|retrain|retrain|castle|s0
[20:15:49][w0] job 59/143: mech|retrain|retrain|castle|s2
[20:15:59][w0] job 60/143: mech|retrain|retrain|chair|s1
[20:16:09][w0] job 61/143: mech|retrain|retrain|girl|s0
[20:16:19][w0] job 62/143: mech|retrain|retrain|girl|s2
[20:16:28][w0] job 63/143: mech|retrain|retrain|maple_tree|s1
[20:16:38][w0] job 64/143: mech|retrain|retrain|rose|s0
[20:16:48][w0] job 65/143: mech|retrain|retrain|rose|s2
[20:16:58][w0] job 66/143: mech|retrain|retrain|shark|s1
[20:17:07][w0] job 67/143: mech|retrain|retrain|tiger|s0
[20:17:17][w0] job 68/143: mech|retrain|retrain|tiger|s2
[20:17:27][w0] job 69/143: mech|unl|FT|apple|s1
[20:17:37][w0] job 70/143: mech|unl|FT|bus|s0
[20:17:48][w0] job 71/143: mech|unl|FT|bus|s2
[20:17:58][w0] job 72/143: mech|unl|FT|butterfly|s1
[20:18:09][w0] job 73/143: mech|unl|FT|castle|s0
[20:18:19][w0] job 74/143: mech|unl|FT|castle|s2
[20:18:30][w0] job 75/143: mech|unl|FT|chair|s1
[20:18:40][w0] job 76/143: mech|unl|FT|girl|s0
[20:18:50][w0] job 77/143: mech|unl|FT|girl|s2
[20:19:01][w0] job 78/143: mech|unl|FT|maple_tree|s1
[20:19:11][w0] job 79/143: mech|unl|FT|rose|s0
[20:19:22][w0] job 80/143: mech|unl|FT|rose|s2
[20:19:32][w0] job 81/143: mech|unl|FT|shark|s1
[20:19:42][w0] job 82/143: mech|unl|FT|tiger|s0
[20:19:52][w0] job 83/143: mech|unl|FT|tiger|s2
[20:20:03][w0] job 84/143: mech|unl|NegGrad+|apple|s1
[20:20:13][w0] job 85/143: mech|unl|NegGrad+|bus|s0
[20:20:23][w0] job 86/143: mech|unl|NegGrad+|bus|s2
[20:20:33][w0] job 87/143: mech|unl|NegGrad+|butterfly|s1
[20:20:44][w0] job 88/143: mech|unl|NegGrad+|castle|s0
[20:20:54][w0] job 89/143: mech|unl|NegGrad+|castle|s2
[20:21:04][w0] job 90/143: mech|unl|NegGrad+|chair|s1
[20:21:14][w0] job 91/143: mech|unl|NegGrad+|girl|s0
[20:21:25][w0] job 92/143: mech|unl|NegGrad+|girl|s2
[20:21:35][w0] job 93/143: mech|unl|NegGrad+|maple_tree|s1
[20:21:45][w0] job 94/143: mech|unl|NegGrad+|rose|s0
[20:21:55][w0] job 95/143: mech|unl|NegGrad+|rose|s2
[20:22:06][w0] job 96/143: mech|unl|NegGrad+|shark|s1
[20:22:16][w0] job 97/143: mech|unl|NegGrad+|tiger|s0
[20:22:26][w0] job 98/143: mech|unl|NegGrad+|tiger|s2
[20:22:37][w0] job 99/143: mech|unl|RL|apple|s1
[20:22:47][w0] job 100/143: mech|unl|RL|bus|s0
[20:22:57][w0] job 101/143: mech|unl|RL|bus|s2
[20:23:07][w0] job 102/143: mech|unl|RL|butterfly|s1
[20:23:18][w0] job 103/143: mech|unl|RL|castle|s0
[20:23:28][w0] job 104/143: mech|unl|RL|castle|s2
[20:23:38][w0] job 105/143: mech|unl|RL|chair|s1
[20:23:49][w0] job 106/143: mech|unl|RL|girl|s0
[20:23:59][w0] job 107/143: mech|unl|RL|girl|s2
[20:24:09][w0] job 108/143: mech|unl|RL|maple_tree|s1
[20:24:19][w0] job 109/143: mech|unl|RL|rose|s0
[20:24:30][w0] job 110/143: mech|unl|RL|rose|s2
[20:24:40][w0] job 111/143: mech|unl|RL|shark|s1
[20:24:50][w0] job 112/143: mech|unl|RL|tiger|s0
[20:25:01][w0] job 113/143: mech|unl|RL|tiger|s2
[20:25:11][w0] job 114/143: mech|unl|SCRUB|apple|s1
[20:25:21][w0] job 115/143: mech|unl|SCRUB|bus|s0
[20:25:31][w0] job 116/143: mech|unl|SCRUB|bus|s2
[20:25:42][w0] job 117/143: mech|unl|SCRUB|butterfly|s1
[20:25:52][w0] job 118/143: mech|unl|SCRUB|castle|s0
[20:26:02][w0] job 119/143: mech|unl|SCRUB|castle|s2
[20:26:13][w0] job 120/143: mech|unl|SCRUB|chair|s1
[20:26:23][w0] job 121/143: mech|unl|SCRUB|girl|s0
[20:26:33][w0] job 122/143: mech|unl|SCRUB|girl|s2
[20:26:44][w0] job 123/143: mech|unl|SCRUB|maple_tree|s1
[20:26:54][w0] job 124/143: mech|unl|SCRUB|rose|s0
[20:27:04][w0] job 125/143: mech|unl|SCRUB|rose|s2
[20:27:14][w0] job 126/143: mech|unl|SCRUB|shark|s1
[20:27:24][w0] job 127/143: mech|unl|SCRUB|tiger|s0
[20:27:35][w0] job 128/143: mech|unl|SCRUB|tiger|s2
[20:27:45][w0] job 129/143: mech|unl|SalUn|apple|s1
[20:27:55][w0] job 130/143: mech|unl|SalUn|bus|s0
[20:28:06][w0] job 131/143: mech|unl|SalUn|bus|s2
[20:28:16][w0] job 132/143: mech|unl|SalUn|butterfly|s1
[20:28:26][w0] job 133/143: mech|unl|SalUn|castle|s0
[20:28:37][w0] job 134/143: mech|unl|SalUn|castle|s2
[20:28:47][w0] job 135/143: mech|unl|SalUn|chair|s1
[20:28:57][w0] job 136/143: mech|unl|SalUn|girl|s0
[20:29:07][w0] job 137/143: mech|unl|SalUn|girl|s2
[20:29:18][w0] job 138/143: mech|unl|SalUn|maple_tree|s1
[20:29:28][w0] job 139/143: mech|unl|SalUn|rose|s0
[20:29:38][w0] job 140/143: mech|unl|SalUn|rose|s2
[20:29:49][w0] job 141/143: mech|unl|SalUn|shark|s1
[20:29:59][w0] job 142/143: mech|unl|SalUn|tiger|s0
[20:30:09][w0] job 143/143: mech|unl|SalUn|tiger|s2
[20:30:20][w0] finished: 143 ok, 0 failed
