[20:06:23][w1] device cuda:0 Tesla T4
[20:06:25][w1] job 1/142: mech|mctx|FT|bus|s1
[20:06:45][w1] job 2/142: mech|mctx|FT|maple_tree|s0
[20:06:54][w1] job 3/142: mech|mctx|FT|maple_tree|s2
[20:07:04][w1] job 4/142: mech|mctx|FT|rose|s1
[20:07:14][w1] job 5/142: mech|mctx|FT|shark|s0
[20:07:24][w1] job 6/142: mech|mctx|FT|shark|s2
[20:07:34][w1] job 7/142: mech|mctx|FT|tiger|s1
[20:07:44][w1] job 8/142: mech|mctx|NegGrad+|bus|s0
[20:07:55][w1] job 9/142: mech|mctx|NegGrad+|bus|s2
[20:08:05][w1] job 10/142: mech|mctx|NegGrad+|maple_tree|s1
[20:08:16][w1] job 11/142: mech|mctx|NegGrad+|rose|s0
[20:08:26][w1] job 12/142: mech|mctx|NegGrad+|rose|s2
[20:08:36][w1] job 13/142: mech|mctx|NegGrad+|shark|s1
[20:08:46][w1] job 14/142: mech|mctx|NegGrad+|tiger|s0
[20:08:57][w1] job 15/142: mech|mctx|NegGrad+|tiger|s2
[20:09:07][w1] job 16/142: mech|mctx|RL|bus|s1
[20:09:17][w1] job 17/142: mech|mctx|RL|maple_tree|s0
[20:09:27][w1] job 18/142: mech|mctx|RL|maple_tree|s2
[20:09:37][w1] job 19/142: mech|mctx|RL|rose|s1
[20:09:48][w1] job 20/142: mech|mctx|RL|shark|s0
[20:09:58][w1] job 21/142: mech|mctx|RL|shark|s2
[20:10:08][w1] job 22/142: mech|mctx|RL|tiger|s1
[20:10:18][w1] job 23/142: mech|mctx|SCRUB|bus|s0
[20:10:28][w1] job 24/142: mech|mctx|SCRUB|bus|s2
[20:10:38][w1] job 25/142: mech|mctx|SCRUB|maple_tree|s1
[20:10:48][w1] job 26/142: mech|mctx|SCRUB|rose|s0
[20:10:59][w1] job 27/142: mech|mctx|SCRUB|rose|s2
[20:11:09][w1] job 28/142: mech|mctx|SCRUB|shark|s1
[20:11:19][w1] job 29/142: mech|mctx|SCRUB|tiger|s0
[20:11:29][w1] job 30/142: mech|mctx|SCRUB|tiger|s2
[20:11:39][w1] job 31/142: mech|mctx|SalUn|bus|s1
[20:11:50][w1] job 32/142: mech|mctx|SalUn|maple_tree|s0
[20:12:00][w1] job 33/142: mech|mctx|SalUn|maple_tree|s2
[20:12:10][w1] job 34/142: mech|mctx|SalUn|rose|s1
[20:12:20][w1] job 35/142: mech|mctx|SalUn|shark|s0
[20:12:30][w1] job 36/142: mech|mctx|SalUn|shark|s2
[20:12:41][w1] job 37/142: mech|mctx|SalUn|tiger|s1
[20:12:51][w1] job 38/142: mech|original|original|apple|s0
[20:12:58][w1] job 39/142: mech|original|original|apple|s2
[20:13:05][w1] job 40/142: mech|original|original|bus|s1
[20:13:13][w1] job 41/142: mech|original|original|butterfly|s0
[20:13:20][w1] job 42/142: mech|original|original|butterfly|s2
[20:13:27][w1] job 43/142: mech|original|original|castle|s1
[20:13:34][w1] job 44/142: mech|original|original|chair|s0
[20:13:41][w1] job 45/142: mech|original|original|chair|s2
[20:13:49][w1] job 46/142: mech|original|original|girl|s1
[20:13:56][w1] job 47/142: mech|original|original|maple_tree|s0
[20:14:03][w1] job 48/142: mech|original|original|maple_tree|s2
[20:14:10][w1] job 49/142: mech|original|original|rose|s1
[20:14:17][w1] job 50/142: mech|original|original|shark|s0
[20:14:25][w1] job 51/142: mech|original|original|shark|s2
[20:14:32][w1] job 52/142: mech|original|original|tiger|s1
[20:14:39][w1] job 53/142: mech|retrain|retrain|apple|s0
[20:14:49][w1] job 54/142: mech|retrain|retrain|apple|s2
[20:14:59][w1] job 55/142: mech|retrain|retrain|bus|s1
[20:15:09][w1] job 56/142: mech|retrain|retrain|butterfly|s0
[20:15:18][w1] job 57/142: mech|retrain|retrain|butterfly|s2
[20:15:28][w1] job 58/142: mech|retrain|retrain|castle|s1
[20:15:38][w1] job 59/142: mech|retrain|retrain|chair|s0
[20:15:48][w1] job 60/142: mech|retrain|retrain|chair|s2
[20:15:58][w1] job 61/142: mech|retrain|retrain|girl|s1
[20:16:07][w1] job 62/142: mech|retrain|retrain|maple_tree|s0
[20:16:17][w1] job 63/142: mech|retrain|retrain|maple_tree|s2
[20:16:27][w1] job 64/142: mech|retrain|retrain|rose|s1
[20:16:36][w1] job 65/142: mech|retrain|retrain|shark|s0
[20:16:46][w1] job 66/142: mech|retrain|retrain|shark|s2
[20:16:56][w1] job 67/142: mech|retrain|retrain|tiger|s1
[20:17:06][w1] job 68/142: mech|unl|FT|apple|s0
[20:17:16][w1] job 69/142: mech|unl|FT|apple|s2
[20:17:26][w1] job 70/142: mech|unl|FT|bus|s1
[20:17:36][w1] job 71/142: mech|unl|FT|butterfly|s0
[20:17:47][w1] job 72/142: mech|unl|FT|butterfly|s2
[20:17:57][w1] job 73/142: mech|unl|FT|castle|s1
[20:18:08][w1] job 74/142: mech|unl|FT|chair|s0
[20:18:18][w1] job 75/142: mech|unl|FT|chair|s2
[20:18:28][w1] job 76/142: mech|unl|FT|girl|s1
[20:18:38][w1] job 77/142: mech|unl|FT|maple_tree|s0
[20:18:49][w1] job 78/142: mech|unl|FT|maple_tree|s2
[20:18:59][w1] job 79/142: mech|unl|FT|rose|s1
[20:19:10][w1] job 80/142: mech|unl|FT|shark|s0
[20:19:20][w1] job 81/142: mech|unl|FT|shark|s2
[20:19:30][w1] job 82/142: mech|unl|FT|tiger|s1
[20:19:41][w1] job 83/142: mech|unl|NegGrad+|apple|s0
[20:19:51][w1] job 84/142: mech|unl|NegGrad+|apple|s2
[20:20:01][w1] job 85/142: mech|unl|NegGrad+|bus|s1
[20:20:11][w1] job 86/142: mech|unl|NegGrad+|butterfly|s0
[20:20:22][w1] job 87/142: mech|unl|NegGrad+|butterfly|s2
[20:20:32][w1] job 88/142: mech|unl|NegGrad+|castle|s1
[20:20:42][w1] job 89/142: mech|unl|NegGrad+|chair|s0
[20:20:52][w1] job 90/142: mech|unl|NegGrad+|chair|s2
[20:21:02][w1] job 91/142: mech|unl|NegGrad+|girl|s1
[20:21:13][w1] job 92/142: mech|unl|NegGrad+|maple_tree|s0
[20:21:23][w1] job 93/142: mech|unl|NegGrad+|maple_tree|s2
[20:21:33][w1] job 94/142: mech|unl|NegGrad+|rose|s1
[20:21:43][w1] job 95/142: mech|unl|NegGrad+|shark|s0
[20:21:54][w1] job 96/142: mech|unl|NegGrad+|shark|s2
[20:22:04][w1] job 97/142: mech|unl|NegGrad+|tiger|s1
[20:22:14][w1] job 98/142: mech|unl|RL|apple|s0
[20:22:24][w1] job 99/142: mech|unl|RL|apple|s2
[20:22:35][w1] job 100/142: mech|unl|RL|bus|s1
[20:22:45][w1] job 101/142: mech|unl|RL|butterfly|s0
[20:22:55][w1] job 102/142: mech|unl|RL|butterfly|s2
[20:23:05][w1] job 103/142: mech|unl|RL|castle|s1
[20:23:15][w1] job 104/142: mech|unl|RL|chair|s0
[20:23:26][w1] job 105/142: mech|unl|RL|chair|s2
[20:23:36][w1] job 106/142: mech|unl|RL|girl|s1
[20:23:46][w1] job 107/142: mech|unl|RL|maple_tree|s0
[20:23:57][w1] job 108/142: mech|unl|RL|maple_tree|s2
[20:24:07][w1] job 109/142: mech|unl|RL|rose|s1
[20:24:17][w1] job 110/142: mech|unl|RL|shark|s0
[20:24:27][w1] job 111/142: mech|unl|RL|shark|s2
[20:24:37][w1] job 112/142: mech|unl|RL|tiger|s1
[20:24:48][w1] job 113/142: mech|unl|SCRUB|apple|s0
[20:24:58][w1] job 114/142: mech|unl|SCRUB|apple|s2
[20:25:08][w1] job 115/142: mech|unl|SCRUB|bus|s1
[20:25:18][w1] job 116/142: mech|unl|SCRUB|butterfly|s0
[20:25:29][w1] job 117/142: mech|unl|SCRUB|butterfly|s2
[20:25:39][w1] job 118/142: mech|unl|SCRUB|castle|s1
[20:25:49][w1] job 119/142: mech|unl|SCRUB|chair|s0
[20:25:59][w1] job 120/142: mech|unl|SCRUB|chair|s2
[20:26:10][w1] job 121/142: mech|unl|SCRUB|girl|s1
[20:26:20][w1] job 122/142: mech|unl|SCRUB|maple_tree|s0
[20:26:30][w1] job 123/142: mech|unl|SCRUB|maple_tree|s2
[20:26:40][w1] job 124/142: mech|unl|SCRUB|rose|s1
[20:26:51][w1] job 125/142: mech|unl|SCRUB|shark|s0
[20:27:01][w1] job 126/142: mech|unl|SCRUB|shark|s2
[20:27:11][w1] job 127/142: mech|unl|SCRUB|tiger|s1
[20:27:21][w1] job 128/142: mech|unl|SalUn|apple|s0
[20:27:32][w1] job 129/142: mech|unl|SalUn|apple|s2
[20:27:42][w1] job 130/142: mech|unl|SalUn|bus|s1
[20:27:52][w1] job 131/142: mech|unl|SalUn|butterfly|s0
[20:28:02][w1] job 132/142: mech|unl|SalUn|butterfly|s2
[20:28:13][w1] job 133/142: mech|unl|SalUn|castle|s1
[20:28:23][w1] job 134/142: mech|unl|SalUn|chair|s0
[20:28:33][w1] job 135/142: mech|unl|SalUn|chair|s2
[20:28:43][w1] job 136/142: mech|unl|SalUn|girl|s1
[20:28:54][w1] job 137/142: mech|unl|SalUn|maple_tree|s0
[20:29:04][w1] job 138/142: mech|unl|SalUn|maple_tree|s2
[20:29:14][w1] job 139/142: mech|unl|SalUn|rose|s1
[20:29:24][w1] job 140/142: mech|unl|SalUn|shark|s0
[20:29:35][w1] job 141/142: mech|unl|SalUn|shark|s2
[20:29:45][w1] job 142/142: mech|unl|SalUn|tiger|s1
[20:29:55][w1] finished: 142 ok, 0 failed
